[     721ms] [ERROR] Not allowed to load local resource: chrome://rumola/content/rumola48.png @ https://iporesult.cdsc.com.np/TSPD/08746c9c23ab2000170ffed1b1dc729aee4c9bffdab90bce5a62d0a0388c412f6dd4d52f0fa29a6f?type=10:1674
[     729ms] [WARNING] Mixed Content: The page at 'https://iporesult.cdsc.com.np/TSPD/?type=19' was loaded over HTTPS, but requested an insecure element 'http://burp/favicon.ico'. This request was automatically upgraded to HTTPS, For more information see https://blog.chromium.org/2019/10/no-more-mixed-messages-about-https.html @ https://iporesult.cdsc.com.np/TSPD/?type=19:0
[     737ms] [ERROR] Not allowed to load local resource: chrome://rumola/content/rumola48.png @ https://iporesult.cdsc.com.np/TSPD/08746c9c23ab2000170ffed1b1dc729aee4c9bffdab90bce5a62d0a0388c412f6dd4d52f0fa29a6f?type=10:1674
[     745ms] [WARNING] Mixed Content: The page at 'https://iporesult.cdsc.com.np/result/companyShares/fileUploaded?onComplete=znc92en3c1&ajaxAction=0600000200&time=1778329920634' was loaded over HTTPS, but requested an insecure element 'http://burp/favicon.ico'. This request was automatically upgraded to HTTPS, For more information see https://blog.chromium.org/2019/10/no-more-mixed-messages-about-https.html @ https://iporesult.cdsc.com.np/result/companyShares/fileUploaded?onComplete=znc92en3c1&ajaxAction=0600000200&time=1778329920634:0
[     751ms] [ERROR] Failed to load resource: net::ERR_FAILED @ chrome-extension://invalid/:0
[     788ms] InvalidStateError: Failed to execute 'setRequestHeader' on 'XMLHttpRequest': The object's state must be OPENED.
    at XMLHttpRequest.y [as __zone_symbol__send] (https://iporesult.cdsc.com.np/TSPD/08746c9c23ab2000170ffed1b1dc729aee4c9bffdab90bce5a62d0a0388c412f6dd4d52f0fa29a6f?type=9:84:399)
    at u._ [as scheduleFn] (https://iporesult.cdsc.com.np/polyfills-es2015.366bcebab23463fb1570.js:1:35404)
    at l.scheduleTask (https://iporesult.cdsc.com.np/polyfills-es2015.366bcebab23463fb1570.js:1:7005)
    at i.scheduleTask (https://iporesult.cdsc.com.np/polyfills-es2015.366bcebab23463fb1570.js:1:3205)
    at i.scheduleMacroTask (https://iporesult.cdsc.com.np/polyfills-es2015.366bcebab23463fb1570.js:1:3514)
    at l (https://iporesult.cdsc.com.np/polyfills-es2015.366bcebab23463fb1570.js:1:15779)
    at https://iporesult.cdsc.com.np/polyfills-es2015.366bcebab23463fb1570.js:1:35815
    at D.s.<computed> [as send] (https://iporesult.cdsc.com.np/polyfills-es2015.366bcebab23463fb1570.js:1:18613)
    at XMLHttpRequest.<anonymous> (https://iporesult.cdsc.com.np/TSPD/08746c9c23ab2000170ffed1b1dc729aee4c9bffdab90bce5a62d0a0388c412f6dd4d52f0fa29a6f?type=9:81:19)
[     756ms] [ERROR] Failed to load resource: net::ERR_FAILED @ chrome-extension://invalid/:0
[     756ms] [ERROR] Failed to load resource: net::ERR_FAILED @ chrome-extension://invalid/:0
[     756ms] [ERROR] Failed to load resource: net::ERR_FAILED @ chrome-extension://invalid/:0
[     756ms] [ERROR] Failed to load resource: net::ERR_FAILED @ chrome-extension://invalid/:0
[     757ms] [ERROR] Failed to load resource: net::ERR_FAILED @ chrome-extension://invalid/:0
[     757ms] [ERROR] Failed to load resource: net::ERR_FAILED @ chrome-extension://invalid/:0
[     757ms] [ERROR] Failed to load resource: net::ERR_FAILED @ chrome-extension://invalid/:0
[     757ms] [ERROR] Failed to load resource: net::ERR_FAILED @ chrome-extension://invalid/:0
[     757ms] [ERROR] Failed to load resource: net::ERR_FAILED @ chrome-extension://invalid/:0
[     757ms] [ERROR] Failed to load resource: net::ERR_FAILED @ chrome-extension://invalid/:0
[     757ms] [ERROR] Failed to load resource: net::ERR_FAILED @ chrome-extension://invalid/:0
[     757ms] [ERROR] Failed to load resource: net::ERR_FAILED @ chrome-extension://invalid/:0
[     757ms] [ERROR] Failed to load resource: net::ERR_FAILED @ chrome-extension://invalid/:0
[     757ms] [ERROR] Failed to load resource: net::ERR_FAILED @ chrome-extension://invalid/:0
[     757ms] [ERROR] Failed to load resource: net::ERR_FAILED @ chrome-extension://invalid/:0
[     757ms] [ERROR] Failed to load resource: net::ERR_FAILED @ chrome-extension://invalid/:0
[     758ms] [ERROR] Failed to load resource: net::ERR_FAILED @ chrome-extension://invalid/:0
[     758ms] [ERROR] Failed to load resource: net::ERR_FAILED @ chrome-extension://invalid/:0
[     758ms] [ERROR] Failed to load resource: net::ERR_FAILED @ chrome-extension://invalid/:0
[     758ms] [ERROR] Failed to load resource: net::ERR_FAILED @ chrome-extension://invalid/:0
[     758ms] [ERROR] Failed to load resource: net::ERR_FAILED @ chrome-extension://invalid/:0
[     758ms] [ERROR] Failed to load resource: net::ERR_FAILED @ chrome-extension://invalid/:0
[     758ms] [ERROR] Failed to load resource: net::ERR_FAILED @ chrome-extension://invalid/:0
[     763ms] [ERROR] Failed to load resource: net::ERR_FAILED @ chrome-extension://invalid/:0
[     769ms] [ERROR] Failed to load resource: net::ERR_FAILED @ chrome-extension://invalid/:0
[     769ms] [ERROR] Failed to load resource: net::ERR_FAILED @ chrome-extension://invalid/:0
[     769ms] [ERROR] Failed to load resource: net::ERR_FAILED @ chrome-extension://invalid/:0
[     769ms] [ERROR] Failed to load resource: net::ERR_FAILED @ chrome-extension://invalid/:0
[     769ms] [ERROR] Failed to load resource: net::ERR_FAILED @ chrome-extension://invalid/:0
[     769ms] [ERROR] Failed to load resource: net::ERR_FAILED @ chrome-extension://invalid/:0
[     769ms] [ERROR] Failed to load resource: net::ERR_FAILED @ chrome-extension://invalid/:0
[     769ms] [ERROR] Failed to load resource: net::ERR_FAILED @ chrome-extension://invalid/:0
[     770ms] [ERROR] Failed to load resource: net::ERR_FAILED @ chrome-extension://invalid/:0
[     770ms] [ERROR] Failed to load resource: net::ERR_FAILED @ chrome-extension://invalid/:0
[     770ms] [ERROR] Failed to load resource: net::ERR_FAILED @ chrome-extension://invalid/:0
[     770ms] [ERROR] Failed to load resource: net::ERR_FAILED @ chrome-extension://invalid/:0
[     770ms] [ERROR] Failed to load resource: net::ERR_FAILED @ chrome-extension://invalid/:0
[     770ms] [ERROR] Failed to load resource: net::ERR_FAILED @ chrome-extension://invalid/:0
[     770ms] [ERROR] Failed to load resource: net::ERR_FAILED @ chrome-extension://invalid/:0
[     770ms] [ERROR] Failed to load resource: net::ERR_FAILED @ chrome-extension://invalid/:0
[     771ms] [ERROR] Failed to load resource: net::ERR_FAILED @ chrome-extension://invalid/:0
[     771ms] [ERROR] Failed to load resource: net::ERR_FAILED @ chrome-extension://invalid/:0
[     771ms] [ERROR] Failed to load resource: net::ERR_FAILED @ chrome-extension://invalid/:0
[     771ms] [ERROR] Failed to load resource: net::ERR_FAILED @ chrome-extension://invalid/:0
[     771ms] [ERROR] Failed to load resource: net::ERR_FAILED @ chrome-extension://invalid/:0
[     771ms] [ERROR] Failed to load resource: net::ERR_FAILED @ chrome-extension://invalid/:0
[     771ms] [ERROR] Failed to load resource: net::ERR_FAILED @ chrome-extension://invalid/:0
[    1844ms] InvalidStateError: Failed to execute 'setRequestHeader' on 'XMLHttpRequest': The object's state must be OPENED.
    at XMLHttpRequest.y [as __zone_symbol__send] (https://iporesult.cdsc.com.np/TSPD/08746c9c23ab2000170ffed1b1dc729aee4c9bffdab90bce5a62d0a0388c412f6dd4d52f0fa29a6f?type=9:84:399)
    at u._ [as scheduleFn] (https://iporesult.cdsc.com.np/polyfills-es2015.366bcebab23463fb1570.js:1:35404)
    at l.scheduleTask (https://iporesult.cdsc.com.np/polyfills-es2015.366bcebab23463fb1570.js:1:7005)
    at i.scheduleTask (https://iporesult.cdsc.com.np/polyfills-es2015.366bcebab23463fb1570.js:1:3205)
    at i.scheduleMacroTask (https://iporesult.cdsc.com.np/polyfills-es2015.366bcebab23463fb1570.js:1:3514)
    at l (https://iporesult.cdsc.com.np/polyfills-es2015.366bcebab23463fb1570.js:1:15779)
    at https://iporesult.cdsc.com.np/polyfills-es2015.366bcebab23463fb1570.js:1:35815
    at D.s.<computed> [as send] (https://iporesult.cdsc.com.np/polyfills-es2015.366bcebab23463fb1570.js:1:18613)
    at https://iporesult.cdsc.com.np/TSPD/08746c9c23ab2000170ffed1b1dc729aee4c9bffdab90bce5a62d0a0388c412f6dd4d52f0fa29a6f?type=9:116:4
    at l.invokeTask (https://iporesult.cdsc.com.np/polyfills-es2015.366bcebab23463fb1570.js:1:7242)
[    2748ms] [ERROR] Failed to load resource: net::ERR_CONNECTION_REFUSED @ http://127.0.0.1:8888/404:0
[    2748ms] [ERROR] Failed to load resource: net::ERR_CONNECTION_REFUSED @ http://127.0.0.1:8888/random_url:0
[    2766ms] [ERROR] Failed to load resource: net::ERR_CONNECTION_REFUSED @ http://127.0.0.1:8888/400_random_url_with_numbers_403:0
[    2766ms] [ERROR] Failed to load resource: net::ERR_CONNECTION_REFUSED @ http://127.0.0.1:8888/200:0
[    2766ms] [ERROR] Failed to load resource: net::ERR_CONNECTION_REFUSED @ http://127.0.0.1:8888/403:0
[    2796ms] [ERROR] Failed to load resource: net::ERR_CONNECTION_REFUSED @ http://127.0.0.1:8888/302:0
[    6549ms] [ERROR] Failed to load resource: net::ERR_NAME_NOT_RESOLVED @ https://burp/favicon.ico:0
[    6550ms] [LOG] [] @ https://iporesult.cdsc.com.np/TSPD/08746c9c23ab2000170ffed1b1dc729aee4c9bffdab90bce5a62d0a0388c412f6dd4d52f0fa29a6f?type=10:1716
